// Jest Snapshot v1, https://goo.gl/fbAQLP

exports[`show preview 1`] = `
.c0 {
  background-color: white;
  line-height: 20px;
  -webkit-box-shadow: rgba(32,33,36,0.28) 0px 1px 6px;
  box-shadow: rgba(32,33,36,0.28) 0px 1px 6px;
  border-radius: 8px;
  max-width: 342px;
  width: auto;
  padding: 12px 16px;
  margin-bottom: 10px;
  color: #202124;
  font-family: arial,sans-serif;
}

.c5 {
  font-size: 16px;
  line-height: 20px;
  color: #1967D2;
  height: auto;
  min-height: 1em;
  -webkit-text-decoration: none;
  text-decoration: none;
}

.c5:hover {
  -webkit-text-decoration: underline;
  text-decoration: underline;
}

.c6 {
  font-size: 14px;
  color: #3C4043;
  line-height: 1.58;
  margin-top: 7px;
}

.c1 {
  height: 19px;
  font-size: 12px;
  margin: 0 0 9px 0;
  cursor: pointer;
  color: #5f6368;
  max-width: 100%;
  padding-bottom: 1px;
  padding-top: 1px;
  display: -webkit-box;
  display: -webkit-flex;
  display: -ms-flexbox;
  display: flex;
  -webkit-align-items: center;
  -webkit-box-align: center;
  -ms-flex-align: center;
  align-items: center;
}

.c2 {
  width: 14px;
  height: 14px;
  margin-right: 8px;
}

.c3 {
  white-space: nowrap;
  overflow: hidden;
  -o-text-overflow: ellipsis;
  text-overflow: ellipsis;
}

.c4 {
  color: #202124;
  font-size: 12px;
}

<div
  className="c0"
>
  <div
    className="c1"
  >
    <img
      className="c2"
      src="https://www.google.com/s2/favicons?domain=test.com"
    />
    <span
      className="c3"
    >
      <span
        className="c4"
      >
        test.com
      </span>
    </span>
  </div>
  <a
    className="c5"
    href="#"
    target="__blank"
  >
    test title
  </a>
  <div
    className="c6"
  />
</div>
`;
